


ARM Macro Assembler    Page 1 


    1 00000000                 AREA             test, CODE, READONLY
    2 00000000         
    3 00000000                 export           asm_dot_product ; label must be
                                                             exported if it is 
                                                            to be used as a fun
                                                            ction in C
    4 00000000         asm_dot_product
    5 00000000         
    6 00000000 B430            PUSH{R4,         R5}         ; saving context ac
                                                            cording to calling 
                                                            convention
    7 00000002 4614            MOV              R4, R2      ; counter for loop
    8 00000004 F04F 0500       MOV              R5, #0
    9 00000008 EE02 5A10       VMOV.f32         S4, R5
   10 0000000C         loop
   11 0000000C 1E64            SUBS             R4, R4, #1  ; loop counter (N =
                                                             N-1)
   12 0000000E DB0C            BLT              done        ; loop has finished
                                                            ?
   13 00000010 ED90 0A00       VLDR.f32         S0, [R0]
   14 00000014 EDD1 0A00       VLDR.f32         S1, [R1]
   15 00000018 EE20 1A20       VMUL.f32         S2, S0, S1
   16 0000001C EE32 2A01       VADD.f32         S4, S4, S2
   17 00000020 F100 0004       ADD              R0, R0, #4
   18 00000024 F101 0104       ADD              R1, R1, #4
   19 00000028 E7F0            B                loop
   20 0000002A         
   21 0000002A         done
   22 0000002A ED83 2A00       VSTR.f32         S4, [R3]    ; store dot product
                                                             in the pointer
   23 0000002E         
   24 0000002E BC30            POP{R4,          R5}         ; restore context
   25 00000030 4770            BX               LR          ; return
   26 00000032         
   27 00000032                 END
Command Line: --debug --xref --diag_suppress=9931 --cpu=Cortex-M4.fp --apcs=int
erwork --depend=.\objects\asm_dot_product.d -o.\objects\asm_dot_product.o -I"\c
ampus.mcgill.ca\emf\cpe\eclela\My Documents\ECSE 444\GXX_Lab1\RTE" -IC:\Keil_v5
\ARM\PACK\ARM\CMSIS\5.3.0\CMSIS\Include -IC:\Keil_v5\ARM\PACK\ARM\CMSIS\5.3.0\D
evice\ARM\ARMCM4\Include --predefine="__EVAL SETA 1" --predefine="__UVISION_VER
SION SETA 515" --predefine="_RTE_ SETA 1" --predefine="ARMCM4_FP SETA 1" --list
=.\listings\asm_dot_product.lst asm_dot_product.s



ARM Macro Assembler    Page 1 Alphabetic symbol ordering
Relocatable symbols

asm_dot_product 00000000

Symbol: asm_dot_product
   Definitions
      At line 4 in file asm_dot_product.s
   Uses
      At line 3 in file asm_dot_product.s
Comment: asm_dot_product used once
done 0000002A

Symbol: done
   Definitions
      At line 21 in file asm_dot_product.s
   Uses
      At line 12 in file asm_dot_product.s
Comment: done used once
loop 0000000C

Symbol: loop
   Definitions
      At line 10 in file asm_dot_product.s
   Uses
      At line 19 in file asm_dot_product.s
Comment: loop used once
test 00000000

Symbol: test
   Definitions
      At line 1 in file asm_dot_product.s
   Uses
      None
Comment: test unused
4 symbols
339 symbols in table
