


ARM Macro Assembler    Page 1 


    1 00000000                 AREA             test, CODE, READONLY
    2 00000000         
    3 00000000                 export           asm_dot_product ; label must be
                                                             exported if it is 
                                                            to be used as a fun
                                                            ction in C
    4 00000000         asm_dot_product
    5 00000000         
    6 00000000 B410            PUSH{R4}                     ; saving context ac
                                                            cording to calling 
                                                            convention
    7 00000002 4614            MOV              R4, R2      ; counter for loop
    8 00000004 ED9F 2A0A       VLDR.f32         S4, =0
    9 00000008         loop
   10 00000008 1E64            SUBS             R4, R4, #1  ; loop counter (N =
                                                             N-1)
   11 0000000A DB0C            BLT              done        ; loop has finished
                                                            ?
   12 0000000C ED90 0A00       VLDR.f32         S0, [R0]    ; load element from
                                                             vector A
   13 00000010 EDD1 0A00       VLDR.f32         S1, [R1]    ; load element from
                                                             vector B
   14 00000014 EE20 1A20       VMUL.f32         S2, S0, S1  ; multiply the elem
                                                            ents together
   15 00000018 EE32 2A01       VADD.f32         S4, S4, S2  ; add their product
                                                             to the sumation
   16 0000001C F100 0004       ADD              R0, R0, #4  ; deref to get next
                                                             element in A
   17 00000020 F101 0104       ADD              R1, R1, #4  ; deref to get next
                                                             element in B
   18 00000024 E7F0            B                loop
   19 00000026         
   20 00000026         done
   21 00000026 ED83 2A00       VSTR.f32         S4, [R3]    ; store dot product
                                                             in the pointer
   22 0000002A         
   23 0000002A BC10            POP{R4}                      ; restore context
   24 0000002C 4770            BX               LR          ; return
   25 0000002E         
   26 0000002E                 END
              00 00 00000000 
Command Line: --debug --xref --diag_suppress=9931 --cpu=Cortex-M4.fp --apcs=int
erwork --depend=.\objects\asm_dot_product.d -o.\objects\asm_dot_product.o -I.\R
TE\_GXX_Lab1 -IC:\Keil_v5\ARM\PACK\ARM\CMSIS\5.4.0\CMSIS\Core\Include -IC:\Keil
_v5\ARM\PACK\ARM\CMSIS\5.4.0\CMSIS\DSP\Include -IC:\Keil_v5\ARM\PACK\ARM\CMSIS\
5.4.0\Device\ARM\ARMCM4\Include --predefine="__EVAL SETA 1" --predefine="__UVIS
ION_VERSION SETA 526" --predefine="_RTE_ SETA 1" --predefine="ARMCM4_FP SETA 1"
 --list=.\listings\asm_dot_product.lst asm\asm_dot_product.s



ARM Macro Assembler    Page 1 Alphabetic symbol ordering
Relocatable symbols

asm_dot_product 00000000

Symbol: asm_dot_product
   Definitions
      At line 4 in file asm\asm_dot_product.s
   Uses
      At line 3 in file asm\asm_dot_product.s
Comment: asm_dot_product used once
done 00000026

Symbol: done
   Definitions
      At line 20 in file asm\asm_dot_product.s
   Uses
      At line 11 in file asm\asm_dot_product.s
Comment: done used once
loop 00000008

Symbol: loop
   Definitions
      At line 9 in file asm\asm_dot_product.s
   Uses
      At line 18 in file asm\asm_dot_product.s
Comment: loop used once
test 00000000

Symbol: test
   Definitions
      At line 1 in file asm\asm_dot_product.s
   Uses
      None
Comment: test unused
4 symbols
341 symbols in table
